nftset=/.ua/4#inet#fw4#vpn_domains
nftset=/10minutemail.com/4#inet#fw4#vpn_domains
nftset=/4freerussia.org/4#inet#fw4#vpn_domains
nftset=/4pda.ru/4#inet#fw4#vpn_domains
nftset=/4pda.to/4#inet#fw4#vpn_domains
nftset=/4pna.com/4#inet#fw4#vpn_domains
nftset=/adguard-dns.com/4#inet#fw4#vpn_domains
nftset=/adguard.com/4#inet#fw4#vpn_domains
nftset=/adidas.com/4#inet#fw4#vpn_domains
nftset=/adminforge.de/4#inet#fw4#vpn_domains
nftset=/adobe.com/4#inet#fw4#vpn_domains
nftset=/adobe.io/4#inet#fw4#vpn_domains
nftset=/ads-twitter.com/4#inet#fw4#vpn_domains
nftset=/alphacoders.com/4#inet#fw4#vpn_domains
nftset=/amazfitwatchfaces.com/4#inet#fw4#vpn_domains
nftset=/amd.com/4#inet#fw4#vpn_domains
nftset=/amdm.ru/4#inet#fw4#vpn_domains
nftset=/amnezia.org/4#inet#fw4#vpn_domains
nftset=/amx.com/4#inet#fw4#vpn_domains
nftset=/autodesk.com/4#inet#fw4#vpn_domains
nftset=/avira.com/4#inet#fw4#vpn_domains
nftset=/bard.google.com/4#inet#fw4#vpn_domains
nftset=/bing.com/4#inet#fw4#vpn_domains
nftset=/bluehost.com/4#inet#fw4#vpn_domains
nftset=/booktracker.org/4#inet#fw4#vpn_domains
nftset=/bosch-home.com/4#inet#fw4#vpn_domains
nftset=/brave.com/4#inet#fw4#vpn_domains
nftset=/brawlstarsgame.com/4#inet#fw4#vpn_domains
nftset=/canva.com/4#inet#fw4#vpn_domains
nftset=/capcut.com/4#inet#fw4#vpn_domains
nftset=/censortracker.org/4#inet#fw4#vpn_domains
nftset=/certifytheweb.com/4#inet#fw4#vpn_domains
nftset=/chatgpt.com/4#inet#fw4#vpn_domains
nftset=/chaturbate.com/4#inet#fw4#vpn_domains
nftset=/chess.com/4#inet#fw4#vpn_domains
nftset=/cisco.com/4#inet#fw4#vpn_domains
nftset=/clashofclans.com/4#inet#fw4#vpn_domains
nftset=/clashroyaleapp.com/4#inet#fw4#vpn_domains
nftset=/codeium.com/4#inet#fw4#vpn_domains
nftset=/copilot.microsoft.com/4#inet#fw4#vpn_domains
nftset=/cpu-monkey.com/4#inet#fw4#vpn_domains
nftset=/cyberghostvpn.com/4#inet#fw4#vpn_domains
nftset=/daemon-tools.cc/4#inet#fw4#vpn_domains
nftset=/deezer.com/4#inet#fw4#vpn_domains
nftset=/dell.com/4#inet#fw4#vpn_domains
nftset=/dellcdn.com/4#inet#fw4#vpn_domains
nftset=/designer.microsoft.com/4#inet#fw4#vpn_domains
nftset=/devops.com/4#inet#fw4#vpn_domains
nftset=/digikey.com/4#inet#fw4#vpn_domains
nftset=/digitalcontent.sky/4#inet#fw4#vpn_domains
nftset=/digitalocean.com/4#inet#fw4#vpn_domains
nftset=/discord-activities.com/4#inet#fw4#vpn_domains
nftset=/discord-attachments-uploads-prd.storage.googleapis.com/4#inet#fw4#vpn_domains
nftset=/discord.co/4#inet#fw4#vpn_domains
nftset=/discord.com/4#inet#fw4#vpn_domains
nftset=/discord.design/4#inet#fw4#vpn_domains
nftset=/discord.dev/4#inet#fw4#vpn_domains
nftset=/discord.gg/4#inet#fw4#vpn_domains
nftset=/discord.gift/4#inet#fw4#vpn_domains
nftset=/discord.gifts/4#inet#fw4#vpn_domains
nftset=/discord.media/4#inet#fw4#vpn_domains
nftset=/discord.new/4#inet#fw4#vpn_domains
nftset=/discord.store/4#inet#fw4#vpn_domains
nftset=/discord.tools/4#inet#fw4#vpn_domains
nftset=/discordactivities.com/4#inet#fw4#vpn_domains
nftset=/discordapp.com/4#inet#fw4#vpn_domains
nftset=/discordapp.io/4#inet#fw4#vpn_domains
nftset=/discordapp.net/4#inet#fw4#vpn_domains
nftset=/discordapp.org/4#inet#fw4#vpn_domains
nftset=/discordmerch.com/4#inet#fw4#vpn_domains
nftset=/discordpartygames.com/4#inet#fw4#vpn_domains
nftset=/discordsays.com/4#inet#fw4#vpn_domains
nftset=/discordstatus.com/4#inet#fw4#vpn_domains
nftset=/discours.io/4#inet#fw4#vpn_domains
nftset=/disctech.com/4#inet#fw4#vpn_domains
nftset=/dpidetector.org/4#inet#fw4#vpn_domains
nftset=/edu-cisco.org/4#inet#fw4#vpn_domains
nftset=/facebook.com/4#inet#fw4#vpn_domains
nftset=/facebook.net/4#inet#fw4#vpn_domains
nftset=/fast-torrent.club/4#inet#fw4#vpn_domains
nftset=/filmitorrent.net/4#inet#fw4#vpn_domains
nftset=/filmix.ac/4#inet#fw4#vpn_domains
nftset=/filmix.biz/4#inet#fw4#vpn_domains
nftset=/filmix.day/4#inet#fw4#vpn_domains
nftset=/filmix.fm/4#inet#fw4#vpn_domains
nftset=/filmix.la/4#inet#fw4#vpn_domains
nftset=/flibusta.is/4#inet#fw4#vpn_domains
nftset=/flibusta.net/4#inet#fw4#vpn_domains
nftset=/freeimages.com/4#inet#fw4#vpn_domains
nftset=/gagadget.com/4#inet#fw4#vpn_domains
nftset=/gameloft.com/4#inet#fw4#vpn_domains
nftset=/geforcenow.com/4#inet#fw4#vpn_domains
nftset=/gemini.google.com/4#inet#fw4#vpn_domains
nftset=/a.gemini.com/4#inet#fw4#vpn_domains
nftset=/exchange.gemini.com/4#inet#fw4#vpn_domains
nftset=/shop.gemini.com/4#inet#fw4#vpn_domains
nftset=/p.gemini.com/4#inet#fw4#vpn_domains
nftset=/static.gemini.com/4#inet#fw4#vpn_domains
nftset=/status.gemini.com/4#inet#fw4#vpn_domains
nftset=/www.gemini.com/4#inet#fw4#vpn_domains
nftset=/api.gemini.com/4#inet#fw4#vpn_domains
nftset=/support.gemini.com/4#inet#fw4#vpn_domains
nftset=/assets.gemini.com/4#inet#fw4#vpn_domains
nftset=/docs.gemini.com/4#inet#fw4#vpn_domains
nftset=/mobile.gemini.com/4#inet#fw4#vpn_domains
nftset=/blog.gemini.com/4#inet#fw4#vpn_domains
nftset=/sandbox.gemini.com/4#inet#fw4#vpn_domains
nftset=/geni.us/4#inet#fw4#vpn_domains
nftset=/genius.com/4#inet#fw4#vpn_domains
nftset=/getoutline.com/4#inet#fw4#vpn_domains
nftset=/getoutline.org/4#inet#fw4#vpn_domains
nftset=/gitlab.com/4#inet#fw4#vpn_domains
nftset=/gitlab.io/4#inet#fw4#vpn_domains
nftset=/glpals.com/4#inet#fw4#vpn_domains
nftset=/gnome-look.org/4#inet#fw4#vpn_domains
nftset=/google.com/4#inet#fw4#vpn_domains
nftset=/.google.com/4#inet#fw4#vpn_domains
nftset=/googlevideo.com/4#inet#fw4#vpn_domains
nftset=/googleapis.com/4#inet#fw4#vpn_domains
nftset=/googleusercontent.com/4#inet#fw4#vpn_domainsg
nftset=/gstatic.com/4#inet#fw4#vpn_domains
nftset=/1.google.com/4#inet#fw4#vpn_domains
nftset=ggpht.com/4#inet#fw4#vpn_domains
nftset=/services.google.com/4#inet#fw4#vpn_domains
nftset=/video.google.com/4#inet#fw4#vpn_domains
nftset=/videos.google.com/4#inet#fw4#vpn_domains
nftset=/account.google.com/4#inet#fw4#vpn_domains
nftset=/accounts.google.com/4#inet#fw4#vpn_domains
nftset=/myaccount.google.com/4#inet#fw4#vpn_domains
nftset=/play.google.com/4#inet#fw4#vpn_domains
nftset=/grafana.com/4#inet#fw4#vpn_domains
nftset=/habr.com/4#inet#fw4#vpn_domains
nftset=/hackernoon.com/4#inet#fw4#vpn_domains
nftset=/hdrezka.ac/4#inet#fw4#vpn_domains
nftset=/hdrezka.ag/4#inet#fw4#vpn_domains
nftset=/home-connect.com/4#inet#fw4#vpn_domains
nftset=/hostgator.com/4#inet#fw4#vpn_domains
nftset=/hostinger.com/4#inet#fw4#vpn_domains
nftset=/huawei.com/4#inet#fw4#vpn_domains
nftset=/instagram.com/4#inet#fw4#vpn_domains
nftset=/intel.com/4#inet#fw4#vpn_domains
nftset=/intel.de/4#inet#fw4#vpn_domains
nftset=/intellij.net/4#inet#fw4#vpn_domains
nftset=/iptv.online/4#inet#fw4#vpn_domains
nftset=/jetbrains.com/4#inet#fw4#vpn_domains
nftset=/kino.pub/4#inet#fw4#vpn_domains
nftset=/kinobase.org/4#inet#fw4#vpn_domains
nftset=/kinogo.la/4#inet#fw4#vpn_domains
nftset=/kinogo.uk/4#inet#fw4#vpn_domains
nftset=/kinokopilka.pro/4#inet#fw4#vpn_domains
nftset=/kinopub.me/4#inet#fw4#vpn_domains
nftset=/kinovod.net/4#inet#fw4#vpn_domains
nftset=/kinozal.guru/4#inet#fw4#vpn_domains
nftset=/kinozal.me/4#inet#fw4#vpn_domains
nftset=/kinozal.tv/4#inet#fw4#vpn_domains
nftset=/lenovo.com/4#inet#fw4#vpn_domains
nftset=/lostfilm.run/4#inet#fw4#vpn_domains
nftset=/lostfilm.top/4#inet#fw4#vpn_domains
nftset=/lostfilm.tv/4#inet#fw4#vpn_domains
nftset=/lostfilm.win/4#inet#fw4#vpn_domains
nftset=/lostfilmtv2.site/4#inet#fw4#vpn_domains
nftset=/lostfilmtv5.site/4#inet#fw4#vpn_domains
nftset=/malwarebytes.com/4#inet#fw4#vpn_domains
nftset=/mullvad.net/4#inet#fw4#vpn_domains
nftset=/netflix.com/4#inet#fw4#vpn_domains
nftset=/netlify.com/4#inet#fw4#vpn_domains
nftset=/news.google.com/4#inet#fw4#vpn_domains
nftset=/nike.com/4#inet#fw4#vpn_domains
nftset=/nnmclub.to/4#inet#fw4#vpn_domains
nftset=/nnmstatic.win/4#inet#fw4#vpn_domains
nftset=/nordvpn.com/4#inet#fw4#vpn_domains
nftset=/notepad-plus-plus.org/4#inet#fw4#vpn_domains
nftset=/nvidia.com/4#inet#fw4#vpn_domains
nftset=/secure.nvidia.com/4#inet#fw4#vpn_domains
nftset=/event.nvidia.com/4#inet#fw4#vpn_domains	
nftset=/events.nvidia.com/4#inet#fw4#vpn_domains
nftset=/a.nvidia.com/4#inet#fw4#vpn_domains
nftset=/services.nvidia.com/4#inet#fw4#vpn_domains	
nftset=/share.nvidia.com/4#inet#fw4#vpn_domains	
nftset=/shop.nvidia.com/4#inet#fw4#vpn_domains	
nftset=/account.nvidia.com/4#inet#fw4#vpn_domains	
nftset=/accounts.nvidia.com/4#inet#fw4#vpn_domains	
nftset=/faq.nvidia.com/4#inet#fw4#vpn_domains	
nftset=/citrix.nvidia.com/4#inet#fw4#vpn_domains	
nftset=/cms.nvidia.com/4#inet#fw4#vpn_domains	
nftset=/lab.nvidia.com/4#inet#fw4#vpn_domains	
nftset=/feedback.nvidia.com/4#inet#fw4#vpn_domains	
nftset=/code.nvidia.com/4#inet#fw4#vpn_domains
nftset=/owa.nvidia.com/4#inet#fw4#vpn_domains	
nftset=/files.nvidia.com/4#inet#fw4#vpn_domains	
nftset=/mailrelay.nvidia.com/4#inet#fw4#vpn_domains	
nftset=/redmine.nvidia.com/4#inet#fw4#vpn_domains	
nftset=/pages.nvidia.com/4#inet#fw4#vpn_domains	
nftset=/connect.nvidia.com/4#inet#fw4#vpn_domains	
nftset=/myaccount.nvidia.com/4#inet#fw4#vpn_domains	
nftset=/resources.nvidia.com/4#inet#fw4#vpn_domains	
nftset=/forms.nvidia.com/4#inet#fw4#vpn_domains	
nftset=/partner.nvidia.com/4#inet#fw4#vpn_domains	
nftset=/partners.nvidia.com/4#inet#fw4#vpn_domains	
nftset=/forums.nvidia.com/4#inet#fw4#vpn_domains	
nftset=/stage.nvidia.com/4#inet#fw4#vpn_domains	
nftset=/rds.nvidia.com/4#inet#fw4#vpn_domains	
nftset=/ws.nvidia.com/4#inet#fw4#vpn_domains	
nftset=/crm.nvidia.com/4#inet#fw4#vpn_domains	
nftset=/www.nvidia.com/4#inet#fw4#vpn_domains	
nftset=/api.nvidia.com/4#inet#fw4#vpn_domains	
nftset=/games.nvidia.com/4#inet#fw4#vpn_domains			
nftset=/app.nvidia.com/4#inet#fw4#vpn_domains	
nftset=/store.nvidia.com/4#inet#fw4#vpn_domains	
nftset=/jira.nvidia.com/4#inet#fw4#vpn_domains	
nftset=/login.nvidia.com/4#inet#fw4#vpn_domains	
nftset=/assets.nvidia.com/4#inet#fw4#vpn_domains	
nftset=/portal.nvidia.com/4#inet#fw4#vpn_domains		
nftset=/lisa.nvidia.com/4#inet#fw4#vpn_domains	
nftset=/autodiscover.nvidia.com/4#inet#fw4#vpn_domains	
nftset=/go.nvidia.com/4#inet#fw4#vpn_domains	
nftset=/press.nvidia.com/4#inet#fw4#vpn_domains
nftset=/preview.nvidia.com/4#inet#fw4#vpn_domains
nftset=/developer.nvidia.com/4#inet#fw4#vpn_domains	
nftset=/privacy.nvidia.com/4#inet#fw4#vpn_domains	
nftset=/marketing.nvidia.com/4#inet#fw4#vpn_domains	
nftset=/surveys.nvidia.com/4#inet#fw4#vpn_domains	
nftset=/support.nvidia.com/4#inet#fw4#vpn_domains	
nftset=/profile.nvidia.com/4#inet#fw4#vpn_domains
nftset=/docs.nvidia.com/4#inet#fw4#vpn_domains	
nftset=/home.nvidia.com/4#inet#fw4#vpn_domains	
nftset=/hosting.nvidia.com/4#inet#fw4#vpn_domains	
nftset=/meet.nvidia.com/4#inet#fw4#vpn_domains	
nftset=/webstore.nvidia.com/4#inet#fw4#vpn_domains	
nftset=/monitor.nvidia.com/4#inet#fw4#vpn_domains	
nftset=/download.nvidia.com/4#inet#fw4#vpn_domains	
nftset=/blog.nvidia.com/4#inet#fw4#vpn_domains	
nftset=/blogs.nvidia.com/4#inet#fw4#vpn_domains	
nftset=/broadcast.nvidia.com/4#inet#fw4#vpn_domains	
nftset=/learn.nvidia.com/4#inet#fw4#vpn_domains	
nftset=/register.nvidia.com/4#inet#fw4#vpn_domains	
nftset=/research.nvidia.com/4#inet#fw4#vpn_domains	
nftset=/images.nvidia.com/4#inet#fw4#vpn_domains		
nftset=/info.nvidia.com/4#inet#fw4#vpn_domains	
nftset=/eng.nvidia.com/4#inet#fw4#vpn_domains	
nftset=/news.nvidia.com/4#inet#fw4#vpn_domains	
nftset=/academy.nvidia.com/4#inet#fw4#vpn_domains
nftset=/ru.nvidia.com/4#inet#fw4#vpn_domains	
nftset=/careers.nvidia.com/4#inet#fw4#vpn_domains	
nftset=/campaigns.nvidia.com/4#inet#fw4#vpn_domains		
nftset=/network.nvidia.com/4#inet#fw4#vpn_domains	
nftset=/sage.nvidia.com/4#inet#fw4#vpn_domains
nftset=/courses.nvidia.com/4#inet#fw4#vpn_domains
nftset=/tw.nvidia.com/4#inet#fw4#vpn_domains
nftset=/dns2.nvidia.com4/#inet#fw4#vpn_domains	
nftset=/dns3.nvidia.com/4#inet#fw4#vpn_domains
nftset=/oculus.com/4#inet#fw4#vpn_domains
nftset=/openai.com/4#inet#fw4#vpn_domains
nftset=/pcbway.com/4#inet#fw4#vpn_domains
nftset=/pcbway.ru/4#inet#fw4#vpn_domains
nftset=/pornhub.com/4#inet#fw4#vpn_domains
nftset=/rt.pornhub.com/4#inet#fw4#vpn_domains
nftset=/prostovpn.org/4#inet#fw4#vpn_domains
nftset=/proton.me/4#inet#fw4#vpn_domains
nftset=/protonmail.ch/4#inet#fw4#vpn_domains
nftset=/protonmail.com/4#inet#fw4#vpn_domains
nftset=/protonvpn.com/4#inet#fw4#vpn_domains
nftset=/qualcomm.com/4#inet#fw4#vpn_domains
nftset=/reactflow.dev/4#inet#fw4#vpn_domains
nftset=/reddxxx.com/4#inet#fw4#vpn_domains
nftset=/reddit.com/4#inet#fw4#vpn_domains
nftset=/redtube.com/4#inet#fw4#vpn_domains
nftset=/rezka.ag/4#inet#fw4#vpn_domains
nftset=/rezka.my/4#inet#fw4#vpn_domains
nftset=/rutor.info/4#inet#fw4#vpn_domains
nftset=/rutor.is/4#inet#fw4#vpn_domains
nftset=/rutor.org/4#inet#fw4#vpn_domains
nftset=/rutracker.cc/4#inet#fw4#vpn_domains
nftset=/rutracker.net/4#inet#fw4#vpn_domains
nftset=/rutracker.org/4#inet#fw4#vpn_domains
nftset=/rutracker.ru/4#inet#fw4#vpn_domains
nftset=/seasonvar.ru/4#inet#fw4#vpn_domains
nftset=/showip.net/4#inet#fw4#vpn_domains
nftset=/signal.org/4#inet#fw4#vpn_domains
nftset=/soundcloud.com/4#inet#fw4#vpn_domains
nftset=/spotify.com/4#inet#fw4#vpn_domains
nftset=/stalker2.com/4#inet#fw4#vpn_domains
nftset=/teamviewer.com/4#inet#fw4#vpn_domains
nftset=/tik-tokapi.com/4#inet#fw4#vpn_domains
nftset=/tiktok.com/4#inet#fw4#vpn_domains
nftset=/tiktokcdn-eu.com/4#inet#fw4#vpn_domains
nftset=/tiktokcdn-us.com/4#inet#fw4#vpn_domains
nftset=/tiktokcdn.com/4#inet#fw4#vpn_domains
nftset=/tiktokd.net/4#inet#fw4#vpn_domains
nftset=/tiktokd.org/4#inet#fw4#vpn_domains
nftset=/tiktokv.com/4#inet#fw4#vpn_domains
nftset=/tiktokv.us/4#inet#fw4#vpn_domains
nftset=/tiktokw.us/4#inet#fw4#vpn_domains
nftset=/timberland.com/4#inet#fw4#vpn_domains
nftset=/tsmc.com/4#inet#fw4#vpn_domains
nftset=/tweetdeck.com/4#inet#fw4#vpn_domains
nftset=/twimg.com/4#inet#fw4#vpn_domains
nftset=/twirpx.com/4#inet#fw4#vpn_domains
nftset=/twitpic.com/4#inet#fw4#vpn_domains
nftset=/twitter.biz/4#inet#fw4#vpn_domains
nftset=/twitter.com/4#inet#fw4#vpn_domains
nftset=/twitter.jp/4#inet#fw4#vpn_domains
nftset=/twittercommunity.com/4#inet#fw4#vpn_domains
nftset=/twitterflightschool.com/4#inet#fw4#vpn_domains
nftset=/twitterinc.com/4#inet#fw4#vpn_domains
nftset=/twitteroauth.com/4#inet#fw4#vpn_domains
nftset=/twitterstat.us/4#inet#fw4#vpn_domains
nftset=/twtrdns.net/4#inet#fw4#vpn_domains
nftset=/twttr.com/4#inet#fw4#vpn_domains
nftset=/twttr.net/4#inet#fw4#vpn_domains
nftset=/twvid.com/4#inet#fw4#vpn_domains
nftset=/vedbex.com/4#inet#fw4#vpn_domains
nftset=/viber.com/4#inet#fw4#vpn_domains
nftset=/live.viber.com/4#inet#fw4#vpn_domains
nftset=/secure.viber.com/4#inet#fw4#vpn_domains
nftset=/users.viber.com/4#inet#fw4#vpn_domains
nftset=/services.viber.com/4#inet#fw4#vpn_domains
nftset=/share.viber.com/4#inet#fw4#vpn_domains
nftset=/account.viber.com/4#inet#fw4#vpn_domains
nftset=/ads.viber.com/4#inet#fw4#vpn_domains
nftset=/core.viber.com/4#inet#fw4#vpn_domains	
nftset=/connect.viber.com/4#inet#fw4#vpn_domains	
nftset=/content.viber.com/4#inet#fw4#vpn_domains	
nftset=/partners.viber.com/4#inet#fw4#vpn_domains
nftset=/communities.viber.com/4#inet#fw4#vpn_domains	
nftset=/pay.viber.com/4#inet#fw4#vpn_domains	
nftset=/css.viber.com/4#inet#fw4#vpn_domains	
nftset=/analytics.viber.com/4#inet#fw4#vpn_domains	
nftset=/pg.viber.com/4#inet#fw4#vpn_domains	
nftset=/static.viber.com/4#inet#fw4#vpn_domains	
nftset=/api.viber.com/4#inet#fw4#vpn_domains	
nftset=/www.viber.com/4#inet#fw4#vpn_domains	
nftset=/apps.viber.com/4#inet#fw4#vpn_domains	
nftset=/support.viber.com/4#inet#fw4#vpn_domains	
nftset=/lp.viber.com/4#inet#fw4#vpn_domains	
nftset=/privacy.viber.com/4#inet#fw4#vpn_domains	
nftset=/developers.viber.com/4#inet#fw4#vpn_domains	
nftset=/b2b.viber.com/4#inet#fw4#vpn_domains	
nftset=/dating.viber.com/4#inet#fw4#vpn_domains	
nftset=/ca.viber.com/4#inet#fw4#vpn_domains	
nftset=/help.viber.com/4#inet#fw4#vpn_domains	
nftset=/webadmin.viber.com/4#inet#fw4#vpn_domains
nftset=/download.viber.com/4#inet#fw4#vpn_domains	
nftset=/config.viber.com/4#inet#fw4#vpn_domains	
nftset=/reports.viber.com/4#inet#fw4#vpn_domains	
nftset=/business.viber.com/4#inet#fw4#vpn_domains	
nftset=/email.viber.com/4#inet#fw4#vpn_domains	
nftset=/info.viber.com/4#inet#fw4#vpn_domains	
nftset=/bm.viber.com/4#inet#fw4#vpn_domains	
nftset=/invite.viber.com/4#inet#fw4#vpn_domains	
nftset=/update.viber.com/4#inet#fw4#vpn_domains	
nftset=/live.viber.com/4#inet#fw4#vpn_domains	
nftset=/mail.viber.com/4#inet#fw4#vpn_domains	
nftset=/market.viber.com/4#inet#fw4#vpn_domains	
nftset=/media.viber.com/4#inet#fw4#vpn_domains
nftset=/volkswagen-classic-parts.com/4#inet#fw4#vpn_domains
nftset=/vpngate.net/4#inet#fw4#vpn_domains
nftset=/vpngen.org/4#inet#fw4#vpn_domains
nftset=/vpnlove.me/4#inet#fw4#vpn_domains
nftset=/vpnpay.io/4#inet#fw4#vpn_domains
nftset=/weather.com/4#inet#fw4#vpn_domains
nftset=/web-platform.io/4#inet#fw4#vpn_domains
nftset=/weblance.com.ua/4#inet#fw4#vpn_domains
nftset=/webnames.ca/4#inet#fw4#vpn_domains
nftset=/webtoons.com/4#inet#fw4#vpn_domains
nftset=/wheather.com/4#inet#fw4#vpn_domains
nftset=/wide-youtube.l.google.com/4#inet#fw4#vpn_domains
nftset=/wikiart.org/4#inet#fw4#vpn_domains
nftset=/wikidot.com/4#inet#fw4#vpn_domains
nftset=/wilsoncenter.org/4#inet#fw4#vpn_domains
nftset=/windguru.cz/4#inet#fw4#vpn_domains
nftset=/wixmp.com/4#inet#fw4#vpn_domains
nftset=/wk.cz/4#inet#fw4#vpn_domains
nftset=/wonderzine.com/4#inet#fw4#vpn_domains
nftset=/wpengine.com/4#inet#fw4#vpn_domains
nftset=/wunderground.com/4#inet#fw4#vpn_domains
nftset=/x.com/4#inet#fw4#vpn_domains
nftset=/xerox.com/4#inet#fw4#vpn_domains
nftset=/xhamster.com/4#inet#fw4#vpn_domains
nftset=/xhamsterlive.com/4#inet#fw4#vpn_domains
nftset=/xnxx.com/4#inet#fw4#vpn_domains
nftset=/xsts.auth.xboxlive.com/4#inet#fw4#vpn_domains
nftset=/xtracloud.net/4#inet#fw4#vpn_domains
nftset=/xvideos-cdn.com/4#inet#fw4#vpn_domains
nftset=/xvideos.com/4#inet#fw4#vpn_domains
nftset=/yaoilib.me/4#inet#fw4#vpn_domains
nftset=/yle.fi/4#inet#fw4#vpn_domains
nftset=/nl.youtube.com/4#inet#fw4#vpn_domains
nftset=/accounts.youtube.com/4#inet#fw4#vpn_domains
nftset=/facebook.youtube.com/4#inet#fw4#vpn_domains	
nftset=/admin.youtube.com/4#inet#fw4#vpn_domains
nftset=/cms.youtube.com/4#inet#fw4#vpn_domains
nftset=/p.youtube.com/4#inet#fw4#vpn_domains
nftset=/rtmp.youtube.com/4#inet#fw4#vpn_domains
nftset=/payments.youtube.com/4#inet#fw4#vpn_domains
nftset=/corp.youtube.com/4#inet#fw4#vpn_domains
nftset=/live.youtube.com/4#inet#fw4#vpn_domains
nftset=/analytics.youtube.com/4#inet#fw4#vpn_domains
nftset=/studio.youtube.com/4#inet#fw4#vpn_domains
nftset=/app.youtube.com/4#inet#fw4#vpn_domains
nftset=/www.youtube.com/4#inet#fw4#vpn_domains
nftset=/m.youtube.com/4#inet#fw4#vpn_domains
nftset=/help.youtube.com/4#inet#fw4#vpn_domains
nftset=/parents.youtube.com/4#inet#fw4#vpn_domains
nftset=/mx.youtube.com/4#inet#fw4#vpn_domains
nftset=/id.youtube.com/4#inet#fw4#vpn_domains
nftset=/music.youtube.com/4#inet#fw4#vpn_domains
nftset=/research.youtube.com/4#inet#fw4#vpn_domains
nftset=/tv.youtube.com/4#inet#fw4#vpn_domains
nftset=/tw.youtube.com/4#inet#fw4#vpn_domains
nftset=/img.youtube.com/4#inet#fw4#vpn_domains
nftset=/news.youtube.com/4#inet#fw4#vpn_domains
nftset=/insight.youtube.com/4#inet#fw4#vpn_domains
nftset=/ru.youtube.com/4#inet#fw4#vpn_domains
nftset=/s.youtube.com/4#inet#fw4#vpn_domains
nftset=/upload.youtube.com/4#inet#fw4#vpn_domains
nftset=/it.youtube.com/4#inet#fw4#vpn_domains
nftset=/youtu.be/4#inet#fw4#vpn_domains
nftset=/youtube-nocookie.com/4#inet#fw4#vpn_domains
nftset=/youtube-ui.l.google.com/4#inet#fw4#vpn_domains
nftset=/youtube.com/4#inet#fw4#vpn_domains
nftset=/youtubeembeddedplayer.googleapis.com/4#inet#fw4#vpn_domains
nftset=/youtubei.googleapis.com/4#inet#fw4#vpn_domains
nftset=/youtubekids.com/4#inet#fw4#vpn_domains
nftset=/ytimg.com/4#inet#fw4#vpn_domains
nftset=/ytimg.l.google.com/4#inet#fw4#vpn_domains
nftset=/yting.com/4#inet#fw4#vpn_domains
nftset=/zahav.ru/4#inet#fw4#vpn_domains
nftset=/zannn.top/4#inet#fw4#vpn_domains
nftset=/zbigz.com/4#inet#fw4#vpn_domains
nftset=/zedge.net/4#inet#fw4#vpn_domains
nftset=/zendesk.com/4#inet#fw4#vpn_domains
nftset=/zerkalo.io/4#inet#fw4#vpn_domains
nftset=/zerolab.net/4#inet#fw4#vpn_domains
nftset=/zerossl.com/4#inet#fw4#vpn_domains
nftset=/zetalliance.org/4#inet#fw4#vpn_domains
nftset=/zetfix.online/4#inet#fw4#vpn_domains
nftset=/zetflix.online/4#inet#fw4#vpn_domains
nftset=/zf.com/4#inet#fw4#vpn_domains
nftset=/znanija.com/4#inet#fw4#vpn_domains
nftset=/zohomail.com/4#inet#fw4#vpn_domains
nftset=/zona.media/4#inet#fw4#vpn_domains
nftset=/cdn-telegram.com/4#inet#fw4#vpn_domains
nftset=/comments.app/4#inet#fw4#vpn_domains
nftset=/contest.com/4#inet#fw4#vpn_domains
nftset=/fragment.com/4#inet#fw4#vpn_domains
nftset=/graph.org/4#inet#fw4#vpn_domains
nftset=/quiz.derictory/4#inet#fw4#vpn_domains
nftset=/t.me/4#inet#fw4#vpn_domains
nftset=/tdesktop.com/4#inet#fw4#vpn_domains
nftset=/telega.one/4#inet#fw4#vpn_domains
nftset=/telegra.ph/4#inet#fw4#vpn_domains
nftset=/telegram-cdn.org/4#inet#fw4#vpn_domains
nftset=/telegram.dog/4#inet#fw4#vpn_domains
nftset=/telegram.me/4#inet#fw4#vpn_domains
nftset=/telegram.org/4#inet#fw4#vpn_domains
nftset=/telegram.space/4#inet#fw4#vpn_domains
nftset=/telesco.pe/4#inet#fw4#vpn_domains
nftset=/tg.dev/4#inet#fw4#vpn_domains
nftset=/tx.me/4#inet#fw4#vpn_domains
nftset=/usercontent.dev/4#inet#fw4#vpn_domains
nftset=/graph.facebook.com/4#inet#fw4#vpn_domains
nftset=/whatsapp.biz/4#inet#fw4#vpn_domains
nftset=/whatsapp.com/4#inet#fw4#vpn_domains
nftset=/whatsapp.net/4#inet#fw4#vpn_domains
nftset=/https://www.pathofexile.com/4#inet#fw4#vpn_domains
nftset=/https://itorrents-igruha.org//4#inet#fw4#vpn_domains
